2026-05-28 20:27:52,916 | INFO     | __main__ | ============================================================
2026-05-28 20:27:52,916 | INFO     | __main__ | PIPELINE DE ARBITRAGEM IMOBILIÁRIA — INICIADO
2026-05-28 20:27:52,916 | INFO     | __main__ | ============================================================
2026-05-28 20:27:53,149 | INFO     | __main__ | [Pipeline] Etapa 1/3 — Extração
2026-05-28 20:27:53,150 | INFO     | scraping.olx_scraper | [OLX] Página 1/5 → https://www.olx.com.br/imoveis/venda/estado-pr/curitiba
2026-05-28 20:27:56,908 | WARNING  | scraping.olx_scraper | [OLX] Nenhum card encontrado — estrutura do HTML pode ter mudado.
2026-05-28 20:27:56,908 | INFO     | scraping.olx_scraper | [OLX] Página 1 sem imóveis — encerrando.
2026-05-28 20:27:56,908 | WARNING  | __main__ | [Pipeline] Nenhum imóvel extraído. Encerrando.
2026-06-04 15:57:38,967 | INFO     | __main__ | ============================================================
2026-06-04 15:57:38,968 | INFO     | __main__ | PIPELINE DE ARBITRAGEM IMOBILIÁRIA — INICIADO
2026-06-04 15:57:38,968 | INFO     | __main__ | ============================================================
2026-06-04 15:57:38,968 | INFO     | __main__ | [Pipeline] Etapa 1/3 — Extração
2026-06-04 15:57:40,173 | INFO     | scraping.olx_scraper | [OLX] Página 1/5 → https://www.olx.com.br/imoveis/venda/estado-pr/curitiba
2026-06-04 15:57:56,704 | WARNING  | scraping.olx_scraper | Retrying scraping.olx_scraper.OLXScraper._fetch_page_with_retry in 2.0 seconds as it raised TimeoutError: Page.wait_for_selector: Timeout 15000ms exceeded.
Call log:
  - waiting for locator("[data-ds-component=\"DS-AdCard\"]") to be visible
.
2026-06-04 15:58:14,152 | WARNING  | scraping.olx_scraper | Retrying scraping.olx_scraper.OLXScraper._fetch_page_with_retry in 2.0 seconds as it raised TimeoutError: Page.wait_for_selector: Timeout 15000ms exceeded.
Call log:
  - waiting for locator("[data-ds-component=\"DS-AdCard\"]") to be visible
.
2026-06-04 15:58:31,525 | ERROR    | scraping.olx_scraper | [OLX] Falha definitiva na página 1: Page.wait_for_selector: Timeout 15000ms exceeded.
Call log:
  - waiting for locator("[data-ds-component=\"DS-AdCard\"]") to be visible

2026-06-04 15:58:31,695 | INFO     | scraping.olx_scraper | [OLX] Extração concluída. Total: 0 imóveis
2026-06-04 15:58:31,695 | WARNING  | __main__ | [Pipeline] Nenhum imóvel extraído. Encerrando.
